---
source: session/tests/snapshots/mod.rs
description: Snapshot for DLT file with SomeIP network trace.
info:
  filter_config: ~
  fibex_file_paths:
    - "../../../developing/resources/someip.xml"
  with_storage_header: true
  tz: ~
snapshot_kind: text
---
session_file:
  - "2024-02-20T13:17:26.713537000Z\u0004ECU1\u00041\u0004571\u0004204\u000428138506\u0004ECU1\u0004APP1\u0004C1\u0004IPC\u0004SOME/IP RPC SERV:123 METH:32773 LENG:16 CLID:0 SEID:58252 IVER:1 MSTP:2 RETC:0 TestService::timeEvent {\u0006\ttimestamp (INT64) : 1683656786973,\u0006}"
  - "2024-02-20T13:17:26.713537000Z\u0004ECU1\u00041\u0004571\u0004205\u000428138506\u0004ECU1\u0004APP1\u0004C1\u0004IPC\u0004SOME/IP RPC SERV:124 METH:32773 LENG:16 CLID:0 SEID:58252 IVER:1 MSTP:2 RETC:0 UnknownService [00, 00, 01, 88, 01, C3, C4, 1D]"
  - "2024-02-20T13:17:26.713537000Z\u0004ECU1\u00041\u0004571\u0004206\u000428138506\u0004ECU1\u0004APP1\u0004C1\u0004IPC\u0004SOME/IP RPC SERV:123 METH:32773 LENG:16 CLID:0 SEID:58252 IVER:3 MSTP:2 RETC:0 TestService<1?>::timeEvent {\u0006\ttimestamp (INT64) : 1683656786973,\u0006}"
  - "2024-02-20T13:17:26.713537000Z\u0004ECU1\u00041\u0004571\u0004207\u000428138506\u0004ECU1\u0004APP1\u0004C1\u0004IPC\u0004SOME/IP RPC SERV:123 METH:32774 LENG:16 CLID:0 SEID:58252 IVER:1 MSTP:2 RETC:0 TestService::UnknownMethod [00, 00, 01, 88, 01, C3, C4, 1D]"
  - "2024-02-20T13:17:26.713537000Z\u0004ECU1\u00041\u0004571\u0004208\u000428138506\u0004ECU1\u0004APP1\u0004C1\u0004IPC\u0004SOME/IP RPC SERV:123 METH:32773 LENG:15 CLID:0 SEID:58252 IVER:1 MSTP:2 RETC:0 TestService::timeEvent 'SOME/IP Error: Parser exhausted at offset 0 for Object size 8' [00, 00, 01, 88, 01, C3, C4]"
  - "2024-02-20T13:17:26.713537000Z\u0004ECU1\u00041\u0004571\u0004209\u000428138506\u0004ECU1\u0004APP1\u0004C1\u0004IPC\u0004SOME/IP 'Parse error: Not enough data: min: 25, actual: 24' [00, 7B, 80, 05, 00, 00, 00, 11, 00, 00, E3, 8C, 01, 01, 02, 00, 00, 00, 01, 88, 01, C3, C4, 1D]"
attachments: []
