---
source: session/tests/snapshot_tests/mod.rs
assertion_line: 114
description: Snapshot for SomeIP file with Pcap Legacy byte source.
info:
  origin:
    File: "../../../developing/resources/someip.pcap"
  parser:
    fields:
      - id: SOMEIP_PARSER_FIELD_FIBEX_FILES
        value:
          Files:
            - "../../../developing/resources/someip.xml"
    uuid: 02020202-0202-0202-0202-020202020202
  source:
    fields: []
    uuid: 10101010-1010-1010-1010-101010101010
---
session_file:
  - "SD\u000465535\u000433024\u000460\u00040\u00040\u00041\u00042\u00040\u0004Flags [C0], Offer 123 v1.0 Inst 1 Ttl 3 UDP 192.168.178.58:30000 TCP 192.168.178.58:30000"
  - "SD\u000465535\u000433024\u000448\u00040\u00040\u00041\u00042\u00040\u0004Flags [C0], Subscribe 123-321 v1 Inst 1 Ttl 3 UDP 192.168.178.58:30000"
  - "SD\u000465535\u000433024\u000448\u00041\u00040\u00041\u00042\u00040\u0004Flags [C0], Subscribe 123-321 v1 Inst 1 Ttl 3 UDP 192.168.178.58:30001"
  - "RPC\u0004123\u000432773\u000416\u00041\u00040\u00041\u00042\u00040\u0004TestService::timeEvent {\u0006\ttimestamp (INT64) : 1683656786973,\u0006}"
  - "RPC\u0004123\u000432773\u000416\u00040\u00040\u00041\u00042\u00040\u0004TestService::timeEvent {\u0006\ttimestamp (INT64) : 1683656786973,\u0006}"
  - "SD\u000465535\u000433024\u000460\u00040\u00040\u00041\u00042\u00040\u0004Flags [C0], Offer 123 v1.0 Inst 1 Ttl 3 UDP 192.168.178.58:30000 TCP 192.168.178.58:30000"
  - "SD\u000465535\u000433024\u000448\u00041\u00040\u00041\u00042\u00040\u0004Flags [C0], Subscribe 123-321 v1 Inst 1 Ttl 3 UDP 192.168.178.58:30001"
  - "SD\u000465535\u000433024\u000448\u00040\u00040\u00041\u00042\u00040\u0004Flags [C0], Subscribe 123-321 v1 Inst 1 Ttl 3 UDP 192.168.178.58:30000"
  - "RPC\u0004123\u000432773\u000416\u00041\u00040\u00041\u00042\u00040\u0004TestService::timeEvent {\u0006\ttimestamp (INT64) : 1683656787976,\u0006}"
  - "RPC\u0004123\u000432773\u000416\u00040\u00040\u00041\u00042\u00040\u0004TestService::timeEvent {\u0006\ttimestamp (INT64) : 1683656787976,\u0006}"
  - "SD\u000465535\u000433024\u000460\u00040\u00040\u00041\u00042\u00040\u0004Flags [C0], Offer 123 v1.0 Inst 1 Ttl 3 UDP 192.168.178.58:30000 TCP 192.168.178.58:30000"
  - "SD\u000465535\u000433024\u000448\u00040\u00040\u00041\u00042\u00040\u0004Flags [C0], Subscribe 123-321 v1 Inst 1 Ttl 3 UDP 192.168.178.58:30000"
  - "SD\u000465535\u000433024\u000448\u00041\u00040\u00041\u00042\u00040\u0004Flags [C0], Subscribe 123-321 v1 Inst 1 Ttl 3 UDP 192.168.178.58:30001"
  - "RPC\u0004123\u000432773\u000416\u00040\u00040\u00041\u00042\u00040\u0004TestService::timeEvent {\u0006\ttimestamp (INT64) : 1683656788976,\u0006}"
  - "RPC\u0004123\u000432773\u000416\u00041\u00040\u00041\u00042\u00040\u0004TestService::timeEvent {\u0006\ttimestamp (INT64) : 1683656788977,\u0006}"
  - "SD\u000465535\u000433024\u000460\u00040\u00040\u00041\u00042\u00040\u0004Flags [C0], Offer 123 v1.0 Inst 1 Ttl 3 UDP 192.168.178.58:30000 TCP 192.168.178.58:30000"
  - "SD\u000465535\u000433024\u000448\u00041\u00040\u00041\u00042\u00040\u0004Flags [C0], Subscribe 123-321 v1 Inst 1 Ttl 3 UDP 192.168.178.58:30001"
  - "SD\u000465535\u000433024\u000448\u00040\u00040\u00041\u00042\u00040\u0004Flags [C0], Subscribe 123-321 v1 Inst 1 Ttl 3 UDP 192.168.178.58:30000"
  - "RPC\u0004123\u000432773\u000416\u00041\u00040\u00041\u00042\u00040\u0004TestService::timeEvent {\u0006\ttimestamp (INT64) : 1683656789980,\u0006}"
  - "RPC\u0004123\u000432773\u000416\u00040\u00040\u00041\u00042\u00040\u0004TestService::timeEvent {\u0006\ttimestamp (INT64) : 1683656789980,\u0006}"
  - "SD\u000465535\u000433024\u000460\u00040\u00040\u00041\u00042\u00040\u0004Flags [C0], Offer 123 v1.0 Inst 1 Ttl 3 UDP 192.168.178.58:30000 TCP 192.168.178.58:30000"
  - "SD\u000465535\u000433024\u000448\u00040\u00040\u00041\u00042\u00040\u0004Flags [C0], Subscribe 123-321 v1 Inst 1 Ttl 3 UDP 192.168.178.58:30000"
  - "SD\u000465535\u000433024\u000448\u00041\u00040\u00041\u00042\u00040\u0004Flags [C0], Subscribe 123-321 v1 Inst 1 Ttl 3 UDP 192.168.178.58:30001"
  - "RPC\u0004123\u000432773\u000416\u00040\u00040\u00041\u00042\u00040\u0004TestService::timeEvent {\u0006\ttimestamp (INT64) : 1683656790983,\u0006}"
  - "RPC\u0004123\u000432773\u000416\u00041\u00040\u00041\u00042\u00040\u0004TestService::timeEvent {\u0006\ttimestamp (INT64) : 1683656790983,\u0006}"
  - "SD\u000465535\u000433024\u000460\u00040\u00040\u00041\u00042\u00040\u0004Flags [C0], Offer 123 v1.0 Inst 1 Ttl 3 UDP 192.168.178.58:30000 TCP 192.168.178.58:30000"
  - "SD\u000465535\u000433024\u000448\u00040\u00040\u00041\u00042\u00040\u0004Flags [C0], Subscribe 123-321 v1 Inst 1 Ttl 3 UDP 192.168.178.58:30000"
  - "SD\u000465535\u000433024\u000448\u00041\u00040\u00041\u00042\u00040\u0004Flags [C0], Subscribe 123-321 v1 Inst 1 Ttl 3 UDP 192.168.178.58:30001"
  - "RPC\u0004123\u000432773\u000416\u00040\u00040\u00041\u00042\u00040\u0004TestService::timeEvent {\u0006\ttimestamp (INT64) : 1683656791988,\u0006}"
  - "RPC\u0004123\u000432773\u000416\u00041\u00040\u00041\u00042\u00040\u0004TestService::timeEvent {\u0006\ttimestamp (INT64) : 1683656791988,\u0006}"
  - "SD\u000465535\u000433024\u000460\u00040\u00040\u00041\u00042\u00040\u0004Flags [C0], Offer 123 v1.0 Inst 1 Ttl 3 UDP 192.168.178.58:30000 TCP 192.168.178.58:30000"
  - "SD\u000465535\u000433024\u000448\u00040\u00040\u00041\u00042\u00040\u0004Flags [C0], Subscribe 123-321 v1 Inst 1 Ttl 3 UDP 192.168.178.58:30000"
  - "SD\u000465535\u000433024\u000448\u00041\u00040\u00041\u00042\u00040\u0004Flags [C0], Subscribe 123-321 v1 Inst 1 Ttl 3 UDP 192.168.178.58:30001"
  - "RPC\u0004123\u000432773\u000416\u00040\u00040\u00041\u00042\u00040\u0004TestService::timeEvent {\u0006\ttimestamp (INT64) : 1683656792992,\u0006}"
  - "RPC\u0004123\u000432773\u000416\u00041\u00040\u00041\u00042\u00040\u0004TestService::timeEvent {\u0006\ttimestamp (INT64) : 1683656792992,\u0006}"
  - "SD\u000465535\u000433024\u000460\u00040\u00040\u00041\u00042\u00040\u0004Flags [C0], Offer 123 v1.0 Inst 1 Ttl 3 UDP 192.168.178.58:30000 TCP 192.168.178.58:30000"
  - "SD\u000465535\u000433024\u000448\u00040\u00040\u00041\u00042\u00040\u0004Flags [C0], Subscribe 123-321 v1 Inst 1 Ttl 3 UDP 192.168.178.58:30000"
  - "SD\u000465535\u000433024\u000448\u00041\u00040\u00041\u00042\u00040\u0004Flags [C0], Subscribe 123-321 v1 Inst 1 Ttl 3 UDP 192.168.178.58:30001"
  - "RPC\u0004123\u000432773\u000416\u00040\u00040\u00041\u00042\u00040\u0004TestService::timeEvent {\u0006\ttimestamp (INT64) : 1683656793993,\u0006}"
  - "RPC\u0004123\u000432773\u000416\u00041\u00040\u00041\u00042\u00040\u0004TestService::timeEvent {\u0006\ttimestamp (INT64) : 1683656793993,\u0006}"
  - "SD\u000465535\u000433024\u000460\u00040\u00040\u00041\u00042\u00040\u0004Flags [C0], Offer 123 v1.0 Inst 1 Ttl 3 UDP 192.168.178.58:30000 TCP 192.168.178.58:30000"
  - "SD\u000465535\u000433024\u000448\u00040\u00040\u00041\u00042\u00040\u0004Flags [C0], Subscribe 123-321 v1 Inst 1 Ttl 3 UDP 192.168.178.58:30000"
  - "SD\u000465535\u000433024\u000448\u00041\u00040\u00041\u00042\u00040\u0004Flags [C0], Subscribe 123-321 v1 Inst 1 Ttl 3 UDP 192.168.178.58:30001"
  - "RPC\u0004123\u000432773\u000416\u00040\u00040\u00041\u00042\u00040\u0004TestService::timeEvent {\u0006\ttimestamp (INT64) : 1683656794996,\u0006}"
  - "RPC\u0004123\u000432773\u000416\u00041\u00040\u00041\u00042\u00040\u0004TestService::timeEvent {\u0006\ttimestamp (INT64) : 1683656794996,\u0006}"
  - "SD\u000465535\u000433024\u000460\u00040\u00040\u00041\u00042\u00040\u0004Flags [C0], Offer 123 v1.0 Inst 1 Ttl 3 UDP 192.168.178.58:30000 TCP 192.168.178.58:30000"
  - "SD\u000465535\u000433024\u000448\u00040\u00040\u00041\u00042\u00040\u0004Flags [C0], Subscribe 123-321 v1 Inst 1 Ttl 3 UDP 192.168.178.58:30000"
  - "SD\u000465535\u000433024\u000448\u00041\u00040\u00041\u00042\u00040\u0004Flags [C0], Subscribe 123-321 v1 Inst 1 Ttl 3 UDP 192.168.178.58:30001"
  - "RPC\u0004123\u000432773\u000416\u00040\u00040\u00041\u00042\u00040\u0004TestService::timeEvent {\u0006\ttimestamp (INT64) : 1683656795996,\u0006}"
  - "RPC\u0004123\u000432773\u000416\u00041\u00040\u00041\u00042\u00040\u0004TestService::timeEvent {\u0006\ttimestamp (INT64) : 1683656795996,\u0006}"
  - "SD\u000465535\u000433024\u000460\u00040\u00040\u00041\u00042\u00040\u0004Flags [C0], Offer 123 v1.0 Inst 1 Ttl 3 UDP 192.168.178.58:30000 TCP 192.168.178.58:30000"
  - "SD\u000465535\u000433024\u000448\u00040\u00040\u00041\u00042\u00040\u0004Flags [C0], Subscribe 123-321 v1 Inst 1 Ttl 3 UDP 192.168.178.58:30000"
  - "SD\u000465535\u000433024\u000448\u00041\u00040\u00041\u00042\u00040\u0004Flags [C0], Subscribe 123-321 v1 Inst 1 Ttl 3 UDP 192.168.178.58:30001"
  - "RPC\u0004123\u000432773\u000416\u00040\u00040\u00041\u00042\u00040\u0004TestService::timeEvent {\u0006\ttimestamp (INT64) : 1683656796996,\u0006}"
  - "RPC\u0004123\u000432773\u000416\u00041\u00040\u00041\u00042\u00040\u0004TestService::timeEvent {\u0006\ttimestamp (INT64) : 1683656796996,\u0006}"
attachments: []
