---
source: session/tests/snapshot_tests/mod.rs
assertion_line: 43
description: Snapshot for DLT file with text attachments.
info:
  origin:
    File: "../../../developing/resources/attachments.dlt"
  parser:
    fields:
      - id: DLT_PARSER_FIELD_FIBEX_FILES
        value:
          Files: []
      - id: DLT_PARSER_FIELD_LOG_LEVEL
        value:
          Number: 6
      - id: DLT_PARSER_FIELD_STATISTICS
        value:
          KeyStrings: {}
    uuid: 01010101-0101-0101-0101-010101010101
  source:
    fields: []
    uuid: 08080808-0808-0808-0808-080808080808
---
session_file:
  - "1970-01-01T00:00:00.000000000Z\u0004ecu\u00040\u0004\u00040\u0004\u0004ecu1\u0004\u0004\u0004LogLevel INFO\u0004\u0005FLST\u0005129721424\u0005test1.txt\u00055\u0005date\u00051\u00050\u0005FLST"
  - "1970-01-01T00:00:00.000000000Z\u0004ecu\u00040\u0004\u00040\u0004\u0004ecu2\u0004\u0004\u0004LogLevel INFO\u0004\u0005FLST\u00051005083951\u0005test2.txt\u00056\u0005date\u00051\u00050\u0005FLST"
  - "1970-01-01T00:00:00.000000000Z\u0004ecu\u00040\u0004\u00040\u0004\u0004ecu1\u0004\u0004\u0004LogLevel INFO\u0004\u0005FLDA\u0005129721424\u00051\u0005[74, 65, 73, 74, 31]\u0005FLDA"
  - "1970-01-01T00:00:00.000000000Z\u0004ecu\u00040\u0004\u00040\u0004\u0004ecu2\u0004\u0004\u0004LogLevel INFO\u0004\u0005FLDA\u00051005083951\u00051\u0005[74, 65, 73, 74, 32, 32]\u0005FLDA"
  - "1970-01-01T00:00:00.000000000Z\u0004ecu\u00040\u0004\u00040\u0004\u0004ecu3\u0004\u0004\u0004LogLevel INFO\u0004\u0005FLST\u00052406339683\u0005test3.txt\u00057\u0005date\u00051\u00050\u0005FLST"
  - "1970-01-01T00:00:00.000000000Z\u0004ecu\u00040\u0004\u00040\u0004\u0004ecu3\u0004\u0004\u0004LogLevel INFO\u0004\u0005FLDA\u00052406339683\u00051\u0005[74, 65, 73, 74, 33, 33, 33]\u0005FLDA"
  - "1970-01-01T00:00:00.000000000Z\u0004ecu\u00040\u0004\u00040\u0004\u0004ecu1\u0004\u0004\u0004LogLevel INFO\u0004\u0005FLFI\u0005129721424\u0005FLFI"
  - "1970-01-01T00:00:00.000000000Z\u0004ecu\u00040\u0004\u00040\u0004\u0004ecu2\u0004\u0004\u0004LogLevel INFO\u0004\u0005FLFI\u00051005083951\u0005FLFI"
  - "1970-01-01T00:00:00.000000000Z\u0004ecu\u00040\u0004\u00040\u0004\u0004ecu3\u0004\u0004\u0004LogLevel INFO\u0004\u0005FLFI\u00052406339683\u0005FLFI"
attachments:
  - filename: test1.txt
    content:
      - test1
  - filename: test2.txt
    content:
      - test22
  - filename: test3.txt
    content:
      - test333
